// Jest Snapshot v1, https://goo.gl/fbAQLP

exports[`dist should build node mjs 1`] = `
"function simpleLib() {
    // eslint-disable-next-line @typescript-eslint/no-unnecessary-template-expression -- checking template string here
    return \`hello world via \${"node"}\`;
}

export { simpleLib as default };
//# sourceMappingURL=index-node18.mjs.map
"
`;
